12:00:57 **** Incremental Build of configuration Debug for project uart_lab1 ****
make -j4 all 
arm-none-eabi-gcc "../Core/Src/main.c" -mcpu=cortex-m4 -std=gnu11 -g3 -DUSE_HAL_DRIVER -DDEBUG -DSTM32F407xx -c -I../USB_HOST/App -I../USB_HOST/Target -I../Core/Inc -I../Drivers/STM32F4xx_HAL_Driver/Inc -I../Drivers/STM32F4xx_HAL_Driver/Inc/Legacy -I../Middlewares/ST/STM32_USB_Host_Library/Core/Inc -I../Middlewares/ST/STM32_USB_Host_Library/Class/CDC/Inc -I../Drivers/CMSIS/Device/ST/STM32F4xx/Include -I../Drivers/CMSIS/Include -O0 -ffunction-sections -fdata-sections -Wall -fstack-usage -MMD -MP -MF"Core/Src/main.d" -MT"Core/Src/main.o" --specs=nano.specs -mfpu=fpv4-sp-d16 -mfloat-abi=hard -mthumb -o "Core/Src/main.o"
../Core/Src/main.c: In function 'main':
../Core/Src/main.c:144:30: warning: passing argument 2 of 'HAL_UART_Receive_IT' from incompatible pointer type [-Wincompatible-pointer-types]
 HAL_UART_Receive_IT(&huart2, &Received, 1);
                              ^
In file included from ../Core/Inc/stm32f4xx_hal_conf.h:404:0,
                 from ../Drivers/STM32F4xx_HAL_Driver/Inc/stm32f4xx_hal.h:30,
                 from ../Core/Inc/main.h:31,
                 from ../Core/Src/main.c:21:
../Drivers/STM32F4xx_HAL_Driver/Inc/stm32f4xx_hal_uart.h:699:19: note: expected 'uint8_t * {aka unsigned char *}' but argument is of type 'uint8_t (*)[10] {aka unsigned char (*)[10]}'
 HAL_StatusTypeDef HAL_UART_Receive_IT(UART_HandleTypeDef *huart, uint8_t *pData, uint16_t Size);
                   ^~~~~~~~~~~~~~~~~~~
../Core/Src/main.c:158:20: warning: pointer targets in passing argument 1 of 'sprintf' differ in signedness [-Wpointer-sign]
     size = sprintf(data, "         message nr: %d.\n\r", cnt); // Stworzenie wiadomosci do wyslania oraz przypisanie ilosci wysylanych znakow do zmiennej size.
                    ^~~~
In file included from ../Core/Src/main.c:26:0:
c:\st\stm32cubeide_1.5.0\stm32cubeide\plugins\com.st.stm32cube.ide.mcu.externaltools.gnu-tools-for-stm32.7-2018-q2-update.win32_1.5.0.202011040924\tools\arm-none-eabi\include\stdio.h:244:5: note: expected 'char * restrict' but argument is of type 'uint8_t * {aka unsigned char *}'
 int sprintf (char *__restrict, const char *__restrict, ...)
     ^~~~~~~
../Core/Src/main.c:175:19: warning: pointer targets in passing argument 1 of 'sprintf' differ in signedness [-Wpointer-sign]
    size = sprintf(receive_data, "\n\r");
                   ^~~~~~~~~~~~
In file included from ../Core/Src/main.c:26:0:
c:\st\stm32cubeide_1.5.0\stm32cubeide\plugins\com.st.stm32cube.ide.mcu.externaltools.gnu-tools-for-stm32.7-2018-q2-update.win32_1.5.0.202011040924\tools\arm-none-eabi\include\stdio.h:244:5: note: expected 'char * restrict' but argument is of type 'uint8_t * {aka unsigned char *}'
 int sprintf (char *__restrict, const char *__restrict, ...)
     ^~~~~~~
../Core/Src/main.c:182:21: warning: pointer targets in passing argument 1 of 'sprintf' differ in signedness [-Wpointer-sign]
      size = sprintf(data,"\r\n rlon - turns red led on\r\n rloff - turns led red off\r\n blon - turns blue led on\r\n bloff - turns blue led off\r\n olon - turns orange led on\r\n oloff - turns orange led off\r\n");
                     ^~~~
In file included from ../Core/Src/main.c:26:0:
c:\st\stm32cubeide_1.5.0\stm32cubeide\plugins\com.st.stm32cube.ide.mcu.externaltools.gnu-tools-for-stm32.7-2018-q2-update.win32_1.5.0.202011040924\tools\arm-none-eabi\include\stdio.h:244:5: note: expected 'char * restrict' but argument is of type 'uint8_t * {aka unsigned char *}'
 int sprintf (char *__restrict, const char *__restrict, ...)
     ^~~~~~~
../Core/Src/main.c:189:21: warning: pointer targets in passing argument 1 of 'sprintf' differ in signedness [-Wpointer-sign]
      size = sprintf(data,"\r\nred led turned ON\r\n");
                     ^~~~
In file included from ../Core/Src/main.c:26:0:
c:\st\stm32cubeide_1.5.0\stm32cubeide\plugins\com.st.stm32cube.ide.mcu.externaltools.gnu-tools-for-stm32.7-2018-q2-update.win32_1.5.0.202011040924\tools\arm-none-eabi\include\stdio.h:244:5: note: expected 'char * restrict' but argument is of type 'uint8_t * {aka unsigned char *}'
 int sprintf (char *__restrict, const char *__restrict, ...)
     ^~~~~~~
../Core/Src/main.c:196:21: warning: pointer targets in passing argument 1 of 'sprintf' differ in signedness [-Wpointer-sign]
      size = sprintf(data,"\r\nred led turned OFF\r\n");
                     ^~~~
In file included from ../Core/Src/main.c:26:0:
c:\st\stm32cubeide_1.5.0\stm32cubeide\plugins\com.st.stm32cube.ide.mcu.externaltools.gnu-tools-for-stm32.7-2018-q2-update.win32_1.5.0.202011040924\tools\arm-none-eabi\include\stdio.h:244:5: note: expected 'char * restrict' but argument is of type 'uint8_t * {aka unsigned char *}'
 int sprintf (char *__restrict, const char *__restrict, ...)
     ^~~~~~~
../Core/Src/main.c:203:21: warning: pointer targets in passing argument 1 of 'sprintf' differ in signedness [-Wpointer-sign]
      size = sprintf(data,"\r\norange led turned ON\r\n");
                     ^~~~
In file included from ../Core/Src/main.c:26:0:
c:\st\stm32cubeide_1.5.0\stm32cubeide\plugins\com.st.stm32cube.ide.mcu.externaltools.gnu-tools-for-stm32.7-2018-q2-update.win32_1.5.0.202011040924\tools\arm-none-eabi\include\stdio.h:244:5: note: expected 'char * restrict' but argument is of type 'uint8_t * {aka unsigned char *}'
 int sprintf (char *__restrict, const char *__restrict, ...)
     ^~~~~~~
../Core/Src/main.c:210:21: warning: pointer targets in passing argument 1 of 'sprintf' differ in signedness [-Wpointer-sign]
      size = sprintf(data,"\r\norange led turned OFF\r\n");
                     ^~~~
In file included from ../Core/Src/main.c:26:0:
c:\st\stm32cubeide_1.5.0\stm32cubeide\plugins\com.st.stm32cube.ide.mcu.externaltools.gnu-tools-for-stm32.7-2018-q2-update.win32_1.5.0.202011040924\tools\arm-none-eabi\include\stdio.h:244:5: note: expected 'char * restrict' but argument is of type 'uint8_t * {aka unsigned char *}'
 int sprintf (char *__restrict, const char *__restrict, ...)
     ^~~~~~~
../Core/Src/main.c:218:21: warning: pointer targets in passing argument 1 of 'sprintf' differ in signedness [-Wpointer-sign]
      size = sprintf(data,"\r\nblue led turned ON\r\n");
                     ^~~~
In file included from ../Core/Src/main.c:26:0:
c:\st\stm32cubeide_1.5.0\stm32cubeide\plugins\com.st.stm32cube.ide.mcu.externaltools.gnu-tools-for-stm32.7-2018-q2-update.win32_1.5.0.202011040924\tools\arm-none-eabi\include\stdio.h:244:5: note: expected 'char * restrict' but argument is of type 'uint8_t * {aka unsigned char *}'
 int sprintf (char *__restrict, const char *__restrict, ...)
     ^~~~~~~
../Core/Src/main.c:225:21: warning: pointer targets in passing argument 1 of 'sprintf' differ in signedness [-Wpointer-sign]
      size = sprintf(data,"\r\nblue led turned OFF\r\n");
                     ^~~~
In file included from ../Core/Src/main.c:26:0:
c:\st\stm32cubeide_1.5.0\stm32cubeide\plugins\com.st.stm32cube.ide.mcu.externaltools.gnu-tools-for-stm32.7-2018-q2-update.win32_1.5.0.202011040924\tools\arm-none-eabi\include\stdio.h:244:5: note: expected 'char * restrict' but argument is of type 'uint8_t * {aka unsigned char *}'
 int sprintf (char *__restrict, const char *__restrict, ...)
     ^~~~~~~
../Core/Src/main.c:241:19: warning: pointer targets in passing argument 1 of 'sprintf' differ in signedness [-Wpointer-sign]
    size = sprintf(receive_data, "%s",Received);
                   ^~~~~~~~~~~~
In file included from ../Core/Src/main.c:26:0:
c:\st\stm32cubeide_1.5.0\stm32cubeide\plugins\com.st.stm32cube.ide.mcu.externaltools.gnu-tools-for-stm32.7-2018-q2-update.win32_1.5.0.202011040924\tools\arm-none-eabi\include\stdio.h:244:5: note: expected 'char * restrict' but argument is of type 'uint8_t * {aka unsigned char *}'
 int sprintf (char *__restrict, const char *__restrict, ...)
     ^~~~~~~
../Core/Src/main.c:254:33: warning: passing argument 2 of 'HAL_UART_Receive_IT' from incompatible pointer type [-Wincompatible-pointer-types]
    HAL_UART_Receive_IT(&huart2, &Received, 1); // Ponowne włączenie nasłuchiwania
                                 ^
In file included from ../Core/Inc/stm32f4xx_hal_conf.h:404:0,
                 from ../Drivers/STM32F4xx_HAL_Driver/Inc/stm32f4xx_hal.h:30,
                 from ../Core/Inc/main.h:31,
                 from ../Core/Src/main.c:21:
../Drivers/STM32F4xx_HAL_Driver/Inc/stm32f4xx_hal_uart.h:699:19: note: expected 'uint8_t * {aka unsigned char *}' but argument is of type 'uint8_t (*)[10] {aka unsigned char (*)[10]}'
 HAL_StatusTypeDef HAL_UART_Receive_IT(UART_HandleTypeDef *huart, uint8_t *pData, uint16_t Size);
                   ^~~~~~~~~~~~~~~~~~~
../Core/Src/main.c:182:13: warning: '__builtin_memcpy' writing 173 bytes into a region of size 100 overflows the destination [-Wstringop-overflow=]
      size = sprintf(data,"\r\n rlon - turns red led on\r\n rloff - turns led red off\r\n blon - turns blue led on\r\n bloff - turns blue led off\r\n olon - turns orange led on\r\n oloff - turns orange led off\r\n");
             ^~~~~~~~~~~~~~~~~~~~~~~~~~~~~~~~~~~~~~~~~~~~~~~~~~~~~~~~~~~~~~~~~~~~~~~~~~~~~~~~~~~~~~~~~~~~~~~~~~~~~~~~~~~~~~~~~~~~~~~~~~~~~~~~~~~~~~~~~~~~~~~~~~~~~~~~~~~~~~~~~~~~~~~~~~~~~~~~~~~~~~~~~~~~~~~~~~~~~~~~~~
arm-none-eabi-gcc -o "uart_lab1.elf" @"objects.list"   -mcpu=cortex-m4 -T"C:\Users\ASUS\Desktop\skmwmsw\SKMwMSW\uart_lab1\STM32F407VGTX_FLASH.ld" --specs=nosys.specs -Wl,-Map="uart_lab1.map" -Wl,--gc-sections -static --specs=nano.specs -mfpu=fpv4-sp-d16 -mfloat-abi=hard -mthumb -Wl,--start-group -lc -lm -Wl,--end-group
Finished building target: uart_lab1.elf
 
arm-none-eabi-objdump -h -S  uart_lab1.elf  > "uart_lab1.list"
arm-none-eabi-objcopy  -O binary  uart_lab1.elf  "uart_lab1.bin"
arm-none-eabi-size   uart_lab1.elf 
   text	   data	    bss	    dec	    hex	filename
  39576	    152	   3840	  43568	   aa30	uart_lab1.elf
Finished building: default.size.stdout
 
Finished building: uart_lab1.bin
 
Finished building: uart_lab1.list
 
12:01:34 **** Incremental Build of configuration Debug for project uart_lab1 ****
make -j4 all 
arm-none-eabi-size   uart_lab1.elf 
   text	   data	    bss	    dec	    hex	filename
  39576	    152	   3840	  43568	   aa30	uart_lab1.elf
Finished building: default.size.stdout
 
